
optiboot_atmega644p.elf:     file format elf32-avr

Sections:
Idx Name          Size      VMA       LMA       File off  Algn
  0 .text         000002e9  0000fc00  0000fc00  00000094  2**0
                  CONTENTS, ALLOC, LOAD, READONLY, CODE
  1 .trampolines  00000000  0000feea  0000feea  0000037e  2**1
                  CONTENTS, ALLOC, LOAD, READONLY, CODE
  2 .version      00000002  0000fffe  0000fffe  0000037e  2**0
                  CONTENTS, ALLOC, LOAD, READONLY, DATA
  3 .comment      0000002f  00000000  00000000  00000380  2**0
                  CONTENTS, READONLY
  4 .debug_aranges 00000030  00000000  00000000  000003af  2**0
                  CONTENTS, READONLY, DEBUGGING
  5 .debug_info   00000805  00000000  00000000  000003df  2**0
                  CONTENTS, READONLY, DEBUGGING
  6 .debug_abbrev 000002ea  00000000  00000000  00000be4  2**0
                  CONTENTS, READONLY, DEBUGGING
  7 .debug_line   000003a9  00000000  00000000  00000ece  2**0
                  CONTENTS, READONLY, DEBUGGING
  8 .debug_frame  000000ac  00000000  00000000  00001278  2**2
                  CONTENTS, READONLY, DEBUGGING
  9 .debug_str    000002a1  00000000  00000000  00001324  2**0
                  CONTENTS, READONLY, DEBUGGING
 10 .debug_loc    00000449  00000000  00000000  000015c5  2**0
                  CONTENTS, READONLY, DEBUGGING
 11 .debug_ranges 00000068  00000000  00000000  00001a0e  2**0
                  CONTENTS, READONLY, DEBUGGING

Disassembly of section .text:

0000fc00 <pre_main>:
/* everything that needs to run VERY early */
void pre_main(void) {
  // Allow convenient way of calling do_spm function - jump table, so
  //   entry to this function will always be here, independent of
  //   compilation, features etc
  asm volatile (
    fc00:	01 c0       	rjmp	.+2      	; 0xfc04 <main>
    fc02:	09 c1       	rjmp	.+530    	; 0xfe16 <do_spm>

0000fc04 <main>:
  //  SP points to RAMEND
  //  r1 contains zero
  //
  // If not, uncomment the following instructions:
  // cli();
  asm volatile ("  clr __zero_reg__");
    fc04:	11 24       	eor	r1, r1
#  warning "START_APP_ON_EXTR is defined and NO_START_APP_ON_POR isn't"
#  define APP_START_REASONS 1 /* Always start rge App. */
#  define WDRF_CLR_REASONS 0  /* Never clear WDRF */
#endif

  ch = MCUSR;
    fc06:	84 b7       	in	r24, 0x34	; 52

  // Skip all logic and run bootloader if MCUSR is cleared (application request)
  if (ch != 0) {
    fc08:	88 23       	and	r24, r24
    fc0a:	61 f0       	breq	.+24     	; 0xfc24 <main+0x20>
     * One problematic scenario: broken application code sets watchdog timer
     * without clearing MCUSR before and triggers it quickly. But it's
     * recoverable by power-on with pushed reset button.
     */

    if (APP_START_REASONS) {
    fc0c:	98 2f       	mov	r25, r24
    fc0e:	9a 70       	andi	r25, 0x0A	; 10
    fc10:	92 30       	cpi	r25, 0x02	; 2
    fc12:	41 f0       	breq	.+16     	; 0xfc24 <main+0x20>
      if (WDRF_CLR_REASONS) {
    fc14:	81 ff       	sbrs	r24, 1
    fc16:	02 c0       	rjmp	.+4      	; 0xfc1c <main+0x18>
        /*
         * Clear WDRF if it was most probably set by wdr in bootloader.
         */
        if ((uint16_t)&MCUSR > 0x1F) {
          MCUSR = ~(_BV(WDRF));   // optimize to LDI/OUT
    fc18:	97 ef       	ldi	r25, 0xF7	; 247
    fc1a:	94 bf       	out	0x34, r25	; 52
      /*
       * save the reset flags in the designated register
       * This can be saved in a main program by putting code in .init0 (which
       * executes before normal c init code) to save R2 to a global variable.
       */
      __asm__ __volatile__ ("  mov r2, %0\n" :: "r" (ch));
    fc1c:	28 2e       	mov	r2, r24

      // switch off watchdog
      watchdogConfig(WATCHDOG_OFF);
    fc1e:	80 e0       	ldi	r24, 0x00	; 0
    fc20:	e5 d0       	rcall	.+458    	; 0xfdec <watchdogConfig>
      // Note that appstart_vec is defined so that this works with either
      // real or virtual boot partitions.
      __asm__ __volatile__ (
    fc22:	ee c1       	rjmp	.+988    	; 0x10000 <__VERSION_START__+0x2>
#elif defined(__AVR_ATtiny25__)||defined(__AVR_ATtiny45__)||defined(__AVR_ATtiny85__)
  TCCR1 = 0x0E; //div 8196 - it's an 8-bit timer.
#elif defined(__AVR_ATtiny43__)
#error "LED flash for Tiny43 not yet supported"
#else
  TCCR1B = _BV(CS12) | _BV(CS10); // div 1024
    fc24:	85 e0       	ldi	r24, 0x05	; 5
    fc26:	80 93 81 00 	sts	0x0081, r24	; 0x800081 <__RAM__+0x81>
  LINBTR = (1 << LDISR) | (8 << LBT0); 
  LINCR = _BV(LENA) | _BV(LCMD2) | _BV(LCMD1) | _BV(LCMD0);
  LINDAT=0;
#else
#if (SINGLESPEED == 0)
  UART_SRA = _BV(U2X0); //Double speed mode USART0
    fc2a:	82 e0       	ldi	r24, 0x02	; 2
    fc2c:	80 93 c0 00 	sts	0x00C0, r24	; 0x8000c0 <__RAM__+0xc0>
#endif
  UART_SRB = _BV(RXEN0) | _BV(TXEN0);
    fc30:	88 e1       	ldi	r24, 0x18	; 24
    fc32:	80 93 c1 00 	sts	0x00C1, r24	; 0x8000c1 <__RAM__+0xc1>
  UART_SRC = _BV(UCSZ00) | _BV(UCSZ01);
    fc36:	86 e0       	ldi	r24, 0x06	; 6
    fc38:	80 93 c2 00 	sts	0x00C2, r24	; 0x8000c2 <__RAM__+0xc2>
  UART_SRL = (uint8_t)BAUD_SETTING;
    fc3c:	80 e1       	ldi	r24, 0x10	; 16
    fc3e:	80 93 c4 00 	sts	0x00C4, r24	; 0x8000c4 <__RAM__+0xc4>
  RS485_PORT &= ~_BV(RS485_BIT);
  #endif
#endif

  // Set up watchdog to trigger after desired timeout
  watchdogConfig(WDTPERIOD);
    fc42:	8e e0       	ldi	r24, 0x0E	; 14
    fc44:	d3 d0       	rcall	.+422    	; 0xfdec <watchdogConfig>

#if (LED_START_FLASHES > 0) || LED_DATA_FLASH || LED_START_ON
  /* Set LED pin as output */
  LED_DDR |= _BV(LED);
    fc46:	20 9a       	sbi	0x04, 0	; 4
    fc48:	86 e0       	ldi	r24, 0x06	; 6
    TIFR = _BV(TOV1);
    while (!(TIFR & _BV(TOV1)));
#elif defined(__AVR_ATtiny43__)
#error "LED flash for Tiny43 not yet supported"
#else
    TCNT1 = -(F_CPU/(1024*16));
    fc4a:	20 e3       	ldi	r18, 0x30	; 48
    fc4c:	3c ef       	ldi	r19, 0xFC	; 252
    TIFR1 = _BV(TOV1);
    fc4e:	91 e0       	ldi	r25, 0x01	; 1
    TIFR = _BV(TOV1);
    while (!(TIFR & _BV(TOV1)));
#elif defined(__AVR_ATtiny43__)
#error "LED flash for Tiny43 not yet supported"
#else
    TCNT1 = -(F_CPU/(1024*16));
    fc50:	30 93 85 00 	sts	0x0085, r19	; 0x800085 <__RAM__+0x85>
    fc54:	20 93 84 00 	sts	0x0084, r18	; 0x800084 <__RAM__+0x84>
    TIFR1 = _BV(TOV1);
    fc58:	96 bb       	out	0x16, r25	; 22
    while (!(TIFR1 & _BV(TOV1)));
    fc5a:	b0 9b       	sbis	0x16, 0	; 22
    fc5c:	fe cf       	rjmp	.-4      	; 0xfc5a <main+0x56>
  defined(__AVR_ATmega8535__) || defined(__AVR_ATmega16__)   ||         \
  defined(__AVR_ATmega162__)  || defined(__AVR_ATmega32__)   ||         \
  defined(__AVR_ATmega64__)   || defined(__AVR_ATmega128__)
  LED_PORT ^= _BV(LED);
#else
  LED_PIN |= _BV(LED);  // Newer AVRs can toggle by writing PINx
    fc5e:	18 9a       	sbi	0x03, 0	; 3
}
#endif

// Watchdog functions. These are only safe with interrupts turned off.
void watchdogReset() {
  __asm__ __volatile__ (
    fc60:	a8 95       	wdr
     *  by the UART hardware, avrdude sends several attempts in rather
     *  quick succession, some of which will be lost and cause us to
     *  get out of sync.  So if we see any data; stop blinking.
     */
#ifndef LIN_UART
    if (UART_SRA & _BV(RXC0))
    fc62:	40 91 c0 00 	lds	r20, 0x00C0	; 0x8000c0 <__RAM__+0xc0>
    fc66:	47 fd       	sbrc	r20, 7
    fc68:	02 c0       	rjmp	.+4      	; 0xfc6e <main+0x6a>
    fc6a:	81 50       	subi	r24, 0x01	; 1
#else
// This doesn't seem to work?
//    if ((UART_PIN & (1<<UART_RX_BIT)) == 0)
//      break;  // detect start bit on soft uart too.
#endif
  } while (--count);
    fc6c:	89 f7       	brne	.-30     	; 0xfc50 <main+0x4c>

      /*
       * Copy data from the buffer into the flash write buffer.
       */
      do {
        __boot_page_fill_short((uint16_t)(void*)addrPtr, *(mybuff.wptr++));
    fc6e:	ff 24       	eor	r15, r15
    fc70:	f3 94       	inc	r15
      } while (len -= 2);

      /*
       * Actually Write the buffer to flash (and wait for it to finish.)
       */
      __boot_page_write_short(address.word);
    fc72:	55 e0       	ldi	r21, 0x05	; 5
    fc74:	e5 2e       	mov	r14, r21
      boot_spm_busy_wait();
#if defined(RWWSRE)
      // Reenable read access to flash
      __boot_rww_enable_short();
    fc76:	61 e1       	ldi	r22, 0x11	; 17
#endif

  /* Forever loop: exits by causing WDT reset */
  for (;;) {
    /* get character from UART */
    ch = getch();
    fc78:	d6 2e       	mov	r13, r22

    if (ch == STK_GET_PARAMETER) {
    fc7a:	ac d0       	rcall	.+344    	; 0xfdd4 <getch>
      unsigned char which = getch();
    fc7c:	81 34       	cpi	r24, 0x41	; 65
    fc7e:	51 f4       	brne	.+20     	; 0xfc94 <main+0x90>
    fc80:	a9 d0       	rcall	.+338    	; 0xfdd4 <getch>
      verifySpace();
    fc82:	c8 2f       	mov	r28, r24
    fc84:	b9 d0       	rcall	.+370    	; 0xfdf8 <verifySpace>
       * Send optiboot version as "SW version"
       * Note that the references to memory are optimized away.
       */
      if (which == STK_SW_MINOR) {
        putch(optiboot_version & 0xFF);
      } else if (which == STK_SW_MAJOR) {
    fc86:	c1 38       	cpi	r28, 0x81	; 129
      /*
       * Send optiboot version as "SW version"
       * Note that the references to memory are optimized away.
       */
      if (which == STK_SW_MINOR) {
        putch(optiboot_version & 0xFF);
    fc88:	11 f0       	breq	.+4      	; 0xfc8e <main+0x8a>
    fc8a:	83 e0       	ldi	r24, 0x03	; 3
      } else if (which == STK_SW_MAJOR) {
        putch(optiboot_version >> 8);
    fc8c:	01 c0       	rjmp	.+2      	; 0xfc90 <main+0x8c>
    fc8e:	88 e0       	ldi	r24, 0x08	; 8
    fc90:	9a d0       	rcall	.+308    	; 0xfdc6 <putch>
    fc92:	96 c0       	rjmp	.+300    	; 0xfdc0 <main+0x1bc>
         * other parameters - enough to keep Avrdude happy
         */
        putch(0x03);
      }
    }
    else if (ch == STK_SET_DEVICE) {
    fc94:	82 34       	cpi	r24, 0x42	; 66
      // SET DEVICE is ignored
      getNch(20);
    fc96:	11 f4       	brne	.+4      	; 0xfc9c <main+0x98>
    fc98:	84 e1       	ldi	r24, 0x14	; 20
    }
    else if (ch == STK_SET_DEVICE_EXT) {
    fc9a:	03 c0       	rjmp	.+6      	; 0xfca2 <main+0x9e>
      // SET DEVICE EXT is ignored
      getNch(5);
    fc9c:	85 34       	cpi	r24, 0x45	; 69
    fc9e:	19 f4       	brne	.+6      	; 0xfca6 <main+0xa2>
    fca0:	85 e0       	ldi	r24, 0x05	; 5
    }
    else if (ch == STK_LOAD_ADDRESS) {
    fca2:	b2 d0       	rcall	.+356    	; 0xfe08 <getNch>
    fca4:	8d c0       	rjmp	.+282    	; 0xfdc0 <main+0x1bc>
      // LOAD ADDRESS
      address.bytes[0] = getch();
    fca6:	85 35       	cpi	r24, 0x55	; 85
    fca8:	39 f4       	brne	.+14     	; 0xfcb8 <main+0xb4>
    fcaa:	94 d0       	rcall	.+296    	; 0xfdd4 <getch>
      address.bytes[1] = getch();
    fcac:	08 2f       	mov	r16, r24
    fcae:	92 d0       	rcall	.+292    	; 0xfdd4 <getch>
      }
      else {
        RAMPZ &= 0xFE;
      }
#endif
      address.word *= 2; // Convert from word address to byte address
    fcb0:	18 2f       	mov	r17, r24
    fcb2:	00 0f       	add	r16, r16
    fcb4:	11 1f       	adc	r17, r17
      verifySpace();
    }
    else if (ch == STK_UNIVERSAL) {
    fcb6:	83 c0       	rjmp	.+262    	; 0xfdbe <main+0x1ba>
        getNch(3);
        putch(0x00);
      }
#else
      // UNIVERSAL command is ignored
      getNch(4);
    fcb8:	86 35       	cpi	r24, 0x56	; 86
    fcba:	21 f4       	brne	.+8      	; 0xfcc4 <main+0xc0>
    fcbc:	84 e0       	ldi	r24, 0x04	; 4
      putch(0x00);
    fcbe:	a4 d0       	rcall	.+328    	; 0xfe08 <getNch>
#endif
    }
    /* Write memory, length is big endian and is in bytes */
    else if (ch == STK_PROG_PAGE) {
    fcc0:	80 e0       	ldi	r24, 0x00	; 0
    fcc2:	e6 cf       	rjmp	.-52     	; 0xfc90 <main+0x8c>
      // PROGRAM PAGE - we support flash programming only, not EEPROM
      uint8_t desttype;
      uint8_t *bufPtr;
      pagelen_t savelength;

      GETLENGTH(length);
    fcc4:	84 36       	cpi	r24, 0x64	; 100
    fcc6:	09 f0       	breq	.+2      	; 0xfcca <main+0xc6>
    fcc8:	48 c0       	rjmp	.+144    	; 0xfd5a <main+0x156>
    fcca:	84 d0       	rcall	.+264    	; 0xfdd4 <getch>
    fccc:	c8 2f       	mov	r28, r24
    fcce:	d0 e0       	ldi	r29, 0x00	; 0
    fcd0:	dc 2f       	mov	r29, r28
    fcd2:	cc 27       	eor	r28, r28
      savelength = length;
      desttype = getch();
    fcd4:	7f d0       	rcall	.+254    	; 0xfdd4 <getch>
    fcd6:	c8 2b       	or	r28, r24
      // PROGRAM PAGE - we support flash programming only, not EEPROM
      uint8_t desttype;
      uint8_t *bufPtr;
      pagelen_t savelength;

      GETLENGTH(length);
    fcd8:	7d d0       	rcall	.+250    	; 0xfdd4 <getch>
      savelength = length;
      desttype = getch();
    fcda:	c8 2e       	mov	r12, r24
    fcdc:	5e 01       	movw	r10, r28
    fcde:	81 2c       	mov	r8, r1

      // read a page worth of contents
      bufPtr = buff.bptr;
      do *bufPtr++ = getch();
    fce0:	99 24       	eor	r9, r9
    fce2:	93 94       	inc	r9
    fce4:	77 d0       	rcall	.+238    	; 0xfdd4 <getch>
    fce6:	f4 01       	movw	r30, r8
    fce8:	81 93       	st	Z+, r24
      while (--length);
    fcea:	4f 01       	movw	r8, r30
    fcec:	f1 e0       	ldi	r31, 0x01	; 1
    fcee:	af 1a       	sub	r10, r31
    fcf0:	b1 08       	sbc	r11, r1

      // Read command terminator, start reply
      verifySpace();
    fcf2:	c1 f7       	brne	.-16     	; 0xfce4 <main+0xe0>
    fcf4:	81 d0       	rcall	.+258    	; 0xfdf8 <verifySpace>
 * void writebuffer(memtype, buffer, address, length)
 */
static inline void writebuffer(int8_t memtype, addr16_t mybuff,
                               addr16_t address, pagelen_t len)
{
  switch (memtype) {
    fcf6:	85 e4       	ldi	r24, 0x45	; 69
    fcf8:	c8 12       	cpse	r12, r24
    fcfa:	12 c0       	rjmp	.+36     	; 0xfd20 <main+0x11c>
    fcfc:	d3 95       	inc	r29
    fcfe:	48 01       	movw	r8, r16
    fd00:	a1 2c       	mov	r10, r1
    fd02:	bb 24       	eor	r11, r11
  case 'E': // EEPROM
#if SUPPORT_EEPROM || BIGBOOT
    while (len--) {
    fd04:	b3 94       	inc	r11
    fd06:	ac 16       	cp	r10, r28
    fd08:	bd 06       	cpc	r11, r29
    fd0a:	09 f4       	brne	.+2      	; 0xfd0e <main+0x10a>
      eeprom_write_byte((address.bptr++), *(mybuff.bptr++));
    fd0c:	59 c0       	rjmp	.+178    	; 0xfdc0 <main+0x1bc>
    fd0e:	f5 01       	movw	r30, r10
    fd10:	61 91       	ld	r22, Z+
    fd12:	5f 01       	movw	r10, r30
    fd14:	c4 01       	movw	r24, r8
    fd16:	97 d0       	rcall	.+302    	; 0xfe46 <eeprom_write_byte>
    fd18:	ff ef       	ldi	r31, 0xFF	; 255
    fd1a:	8f 1a       	sub	r8, r31
    fd1c:	9f 0a       	sbc	r9, r31
    fd1e:	f3 cf       	rjmp	.-26     	; 0xfd06 <main+0x102>
       * and we needed the space back.
       */
#ifdef FOURPAGEERASE
      if ((address.bytes[0] & ((SPM_PAGESIZE<<2)-1))==0) {
#endif
        __boot_page_erase_short(address.word);
    fd20:	83 e0       	ldi	r24, 0x03	; 3
    fd22:	f8 01       	movw	r30, r16
    fd24:	87 bf       	out	0x37, r24	; 55
    fd26:	e8 95       	spm
        boot_spm_busy_wait();
    fd28:	07 b6       	in	r0, 0x37	; 55
    fd2a:	00 fc       	sbrc	r0, 0
    fd2c:	fd cf       	rjmp	.-6      	; 0xfd28 <main+0x124>
    fd2e:	a0 e0       	ldi	r26, 0x00	; 0
    fd30:	b1 e0       	ldi	r27, 0x01	; 1
    fd32:	f8 01       	movw	r30, r16

      /*
       * Copy data from the buffer into the flash write buffer.
       */
      do {
        __boot_page_fill_short((uint16_t)(void*)addrPtr, *(mybuff.wptr++));
    fd34:	8d 91       	ld	r24, X+
    fd36:	9d 91       	ld	r25, X+
    fd38:	0c 01       	movw	r0, r24
    fd3a:	f7 be       	out	0x37, r15	; 55
    fd3c:	e8 95       	spm
        addrPtr += 2;
      } while (len -= 2);
    fd3e:	11 24       	eor	r1, r1
    fd40:	22 97       	sbiw	r28, 0x02	; 2
    fd42:	32 96       	adiw	r30, 0x02	; 2
    fd44:	20 97       	sbiw	r28, 0x00	; 0

      /*
       * Actually Write the buffer to flash (and wait for it to finish.)
       */
      __boot_page_write_short(address.word);
    fd46:	b1 f7       	brne	.-20     	; 0xfd34 <main+0x130>
    fd48:	f8 01       	movw	r30, r16
      boot_spm_busy_wait();
    fd4a:	e7 be       	out	0x37, r14	; 55
    fd4c:	e8 95       	spm
#if defined(RWWSRE)
      // Reenable read access to flash
      __boot_rww_enable_short();
    fd4e:	07 b6       	in	r0, 0x37	; 55
    fd50:	00 fc       	sbrc	r0, 0
    fd52:	fd cf       	rjmp	.-6      	; 0xfd4e <main+0x14a>
      writebuffer(desttype, buff, address, savelength);


    }
/* Read memory block mode, length is big endian.  */
    else if (ch == STK_READ_PAGE) {
    fd54:	d7 be       	out	0x37, r13	; 55
    fd56:	e8 95       	spm
      uint8_t desttype;
      GETLENGTH(length);
    fd58:	33 c0       	rjmp	.+102    	; 0xfdc0 <main+0x1bc>
    fd5a:	84 37       	cpi	r24, 0x74	; 116
    fd5c:	19 f5       	brne	.+70     	; 0xfda4 <main+0x1a0>
    fd5e:	3a d0       	rcall	.+116    	; 0xfdd4 <getch>
    fd60:	c8 2f       	mov	r28, r24
    fd62:	d0 e0       	ldi	r29, 0x00	; 0
    fd64:	dc 2f       	mov	r29, r28
    fd66:	cc 27       	eor	r28, r28

      desttype = getch();
    fd68:	35 d0       	rcall	.+106    	; 0xfdd4 <getch>
    fd6a:	5e 01       	movw	r10, r28
    fd6c:	a8 2a       	or	r10, r24

      verifySpace();
    fd6e:	32 d0       	rcall	.+100    	; 0xfdd4 <getch>
    fd70:	98 2e       	mov	r9, r24

static inline void read_mem(uint8_t memtype, addr16_t address, pagelen_t length)
{
  uint8_t ch;

  switch (memtype) {
    fd72:	42 d0       	rcall	.+132    	; 0xfdf8 <verifySpace>
    fd74:	e8 01       	movw	r28, r16
    fd76:	f5 e4       	ldi	r31, 0x45	; 69

#if SUPPORT_EEPROM || BIGBOOT
  case 'E': // EEPROM
    do {
      putch(eeprom_read_byte((address.bptr++)));
    fd78:	9f 12       	cpse	r9, r31
    fd7a:	0b c0       	rjmp	.+22     	; 0xfd92 <main+0x18e>
    fd7c:	ce 01       	movw	r24, r28
    fd7e:	5b d0       	rcall	.+182    	; 0xfe36 <eeprom_read_byte>
    } while (--length);
    fd80:	22 d0       	rcall	.+68     	; 0xfdc6 <putch>
    fd82:	81 e0       	ldi	r24, 0x01	; 1
    fd84:	a8 1a       	sub	r10, r24
    fd86:	b1 08       	sbc	r11, r1
    fd88:	21 96       	adiw	r28, 0x01	; 1
    fd8a:	a1 14       	cp	r10, r1
    fd8c:	b1 04       	cpc	r11, r1
      //      while (--length);
      // read a Flash and increment the address (may increment RAMPZ)
      __asm__ ("  elpm %0,Z+\n" : "=r" (ch), "=z" (address.bptr): "1" (address));
#else
      // read a Flash byte and increment the address
      __asm__ ("  lpm %0,Z+\n" : "=r" (ch), "=z" (address.bptr): "1" (address));
    fd8e:	b1 f7       	brne	.-20     	; 0xfd7c <main+0x178>
    fd90:	17 c0       	rjmp	.+46     	; 0xfdc0 <main+0x1bc>
#endif
      putch(ch);
    fd92:	fe 01       	movw	r30, r28
    fd94:	85 91       	lpm	r24, Z+
    } while (--length);
    fd96:	ef 01       	movw	r28, r30
    fd98:	16 d0       	rcall	.+44     	; 0xfdc6 <putch>
    fd9a:	e1 e0       	ldi	r30, 0x01	; 1
    fd9c:	ae 1a       	sub	r10, r30
    fd9e:	b1 08       	sbc	r11, r1

      read_mem(desttype, address, length);
    }

/* Get device signature bytes  */
    else if (ch == STK_READ_SIGN) {
    fda0:	c1 f7       	brne	.-16     	; 0xfd92 <main+0x18e>
    fda2:	0e c0       	rjmp	.+28     	; 0xfdc0 <main+0x1bc>
      // READ SIGN - return what Avrdude wants to hear
      verifySpace();
    fda4:	85 37       	cpi	r24, 0x75	; 117
    fda6:	39 f4       	brne	.+14     	; 0xfdb6 <main+0x1b2>
      putch(SIGNATURE_0);
    fda8:	27 d0       	rcall	.+78     	; 0xfdf8 <verifySpace>
    fdaa:	8e e1       	ldi	r24, 0x1E	; 30
    fdac:	0c d0       	rcall	.+24     	; 0xfdc6 <putch>
      putch(SIGNATURE_1);
    fdae:	86 e9       	ldi	r24, 0x96	; 150
    fdb0:	0a d0       	rcall	.+20     	; 0xfdc6 <putch>
    fdb2:	8a e0       	ldi	r24, 0x0A	; 10
      putch(SIGNATURE_2);
    fdb4:	6d cf       	rjmp	.-294    	; 0xfc90 <main+0x8c>
    fdb6:	81 35       	cpi	r24, 0x51	; 81
    }
    else if (ch == STK_LEAVE_PROGMODE) { /* 'Q' */
    fdb8:	11 f4       	brne	.+4      	; 0xfdbe <main+0x1ba>
    fdba:	88 e0       	ldi	r24, 0x08	; 8
      // Adaboot no-wait mod
      watchdogConfig(WATCHDOG_16MS);
    fdbc:	17 d0       	rcall	.+46     	; 0xfdec <watchdogConfig>
    fdbe:	1c d0       	rcall	.+56     	; 0xfdf8 <verifySpace>
    fdc0:	80 e1       	ldi	r24, 0x10	; 16
      verifySpace();
    }
    else {
      // This covers the response to commands like STK_ENTER_PROGMODE
      verifySpace();
    fdc2:	01 d0       	rcall	.+2      	; 0xfdc6 <putch>
    fdc4:	5a cf       	rjmp	.-332    	; 0xfc7a <main+0x76>

0000fdc6 <putch>:
    }
    putch(STK_OK);
    fdc6:	90 91 c0 00 	lds	r25, 0x00C0	; 0x8000c0 <__RAM__+0xc0>
    fdca:	95 ff       	sbrs	r25, 5
  }
    fdcc:	fc cf       	rjmp	.-8      	; 0xfdc6 <putch>
# else
  RS485_PORT &= ~_BV(RS485_BIT);
# endif
#else //not RS485
  while (!(UART_SRA & _BV(UDRE0))) {  /* Spin */ }
  UART_UDR = ch;
    fdce:	80 93 c6 00 	sts	0x00C6, r24	; 0x8000c6 <__RAM__+0xc6>
    fdd2:	08 95       	ret

0000fdd4 <getch>:
    :
    "r25"
    );
#else
#ifndef LIN_UART
  while (!(UART_SRA & _BV(RXC0)))  {  /* Spin */ }
    fdd4:	80 91 c0 00 	lds	r24, 0x00C0	; 0x8000c0 <__RAM__+0xc0>
    fdd8:	87 ff       	sbrs	r24, 7
    fdda:	fc cf       	rjmp	.-8      	; 0xfdd4 <getch>
  if (!(UART_SRA & _BV(FE0))) {
    fddc:	80 91 c0 00 	lds	r24, 0x00C0	; 0x8000c0 <__RAM__+0xc0>
    fde0:	84 fd       	sbrc	r24, 4
    fde2:	01 c0       	rjmp	.+2      	; 0xfde6 <getch+0x12>
}
#endif

// Watchdog functions. These are only safe with interrupts turned off.
void watchdogReset() {
  __asm__ __volatile__ (
    fde4:	a8 95       	wdr
  while (!(LINSIR & _BV(LRXOK)))  {  /* Spin */ }
  if (!(LINSIR & _BV(LFERR))) {
    watchdogReset();  /* Eventually abort if wrong speed */
  }
#endif
  ch = UART_UDR;
    fde6:	80 91 c6 00 	lds	r24, 0x00C6	; 0x8000c6 <__RAM__+0xc6>
#if LED_DATA_FLASH
  toggle_led();
#endif

  return ch;
}
    fdea:	08 95       	ret

0000fdec <watchdogConfig>:
}

void watchdogConfig(uint8_t x) {
#ifdef WDCE //does it have a Watchdog Change Enable?
#ifdef WDTCSR
  WDTCSR = _BV(WDCE) | _BV(WDE);
    fdec:	e0 e6       	ldi	r30, 0x60	; 96
    fdee:	f0 e0       	ldi	r31, 0x00	; 0
    fdf0:	98 e1       	ldi	r25, 0x18	; 24
    fdf2:	90 83       	st	Z, r25
#else //then it must be one of those newfangled ones that use CCP
  CCP=0xD8; //so write this magic number to CCP
#endif

#ifdef WDTCSR
  WDTCSR = x;
    fdf4:	80 83       	st	Z, r24
    fdf6:	08 95       	ret

0000fdf8 <verifySpace>:
  do getch(); while (--count);
  verifySpace();
}

void verifySpace() {
  if (getch() != CRC_EOP) {
    fdf8:	ed df       	rcall	.-38     	; 0xfdd4 <getch>
    fdfa:	80 32       	cpi	r24, 0x20	; 32
    fdfc:	19 f0       	breq	.+6      	; 0xfe04 <verifySpace+0xc>
    watchdogConfig(WATCHDOG_16MS);    // shorten WD timeout
    fdfe:	88 e0       	ldi	r24, 0x08	; 8
    fe00:	f5 df       	rcall	.-22     	; 0xfdec <watchdogConfig>
    fe02:	ff cf       	rjmp	.-2      	; 0xfe02 <verifySpace+0xa>
    while (1)                         // and busy-loop so that WD causes
      ;                               //  a reset and app start.
  }
  putch(STK_INSYNC);
    fe04:	84 e1       	ldi	r24, 0x14	; 20
    fe06:	df cf       	rjmp	.-66     	; 0xfdc6 <putch>

0000fe08 <getNch>:
    ::[count] "M" (UART_B_VALUE)
    );
}
#endif

void getNch(uint8_t count) {
    fe08:	cf 93       	push	r28
    fe0a:	c8 2f       	mov	r28, r24
  do getch(); while (--count);
    fe0c:	e3 df       	rcall	.-58     	; 0xfdd4 <getch>
    fe0e:	c1 50       	subi	r28, 0x01	; 1
    fe10:	e9 f7       	brne	.-6      	; 0xfe0c <getNch+0x4>
  verifySpace();
}
    fe12:	cf 91       	pop	r28
}
#endif

void getNch(uint8_t count) {
  do getch(); while (--count);
  verifySpace();
    fe14:	f1 cf       	rjmp	.-30     	; 0xfdf8 <verifySpace>

0000fe16 <do_spm>:
    fe16:	fc 01       	movw	r30, r24
 *   data=0 in WRITE
 */
static void do_spm(uint16_t address, uint8_t command, uint16_t data)  __attribute__ ((used));
static void do_spm(uint16_t address, uint8_t command, uint16_t data) {
  // Do spm stuff
  asm volatile (
    fe18:	0a 01       	movw	r0, r20
    fe1a:	67 bf       	out	0x37, r22	; 55
    fe1c:	e8 95       	spm
    fe1e:	11 24       	eor	r1, r1
    fe20:	07 b6       	in	r0, 0x37	; 55
    );

  // wait for spm to complete
  //   it doesn't have much sense for __BOOT_PAGE_FILL,
  //   but it doesn't hurt and saves some bytes on 'if'
  boot_spm_busy_wait();
    fe22:	00 fc       	sbrc	r0, 0
    fe24:	fd cf       	rjmp	.-6      	; 0xfe20 <do_spm+0xa>
    fe26:	66 70       	andi	r22, 0x06	; 6
#if defined(RWWSRE)
  // this 'if' condition should be: (command == __BOOT_PAGE_WRITE || command == __BOOT_PAGE_ERASE)...
  // but it's tweaked a little assuming that in every command we are interested in here, there
  // must be also SELFPRGEN set. If we skip checking this bit, we save here 4B
  if ((command & (_BV(PGWRT)|_BV(PGERS))) && (data == 0) ) {
    fe28:	29 f0       	breq	.+10     	; 0xfe34 <do_spm+0x1e>
    fe2a:	45 2b       	or	r20, r21
    fe2c:	19 f4       	brne	.+6      	; 0xfe34 <do_spm+0x1e>
    fe2e:	81 e1       	ldi	r24, 0x11	; 17
    // Reenable read access to flash
    __boot_rww_enable_short();
    fe30:	87 bf       	out	0x37, r24	; 55
    fe32:	e8 95       	spm
    fe34:	08 95       	ret

0000fe36 <eeprom_read_byte>:
    fe36:	f9 99       	sbic	0x1f, 1	; 31
    fe38:	fe cf       	rjmp	.-4      	; 0xfe36 <eeprom_read_byte>
    fe3a:	92 bd       	out	0x22, r25	; 34
    fe3c:	81 bd       	out	0x21, r24	; 33
    fe3e:	f8 9a       	sbi	0x1f, 0	; 31
    fe40:	99 27       	eor	r25, r25
    fe42:	80 b5       	in	r24, 0x20	; 32
    fe44:	08 95       	ret

0000fe46 <eeprom_write_byte>:
    fe46:	26 2f       	mov	r18, r22

0000fe48 <eeprom_write_r18>:
    fe48:	f9 99       	sbic	0x1f, 1	; 31
    fe4a:	fe cf       	rjmp	.-4      	; 0xfe48 <eeprom_write_r18>
    fe4c:	1f ba       	out	0x1f, r1	; 31
    fe4e:	92 bd       	out	0x22, r25	; 34
    fe50:	81 bd       	out	0x21, r24	; 33
    fe52:	20 bd       	out	0x20, r18	; 32
    fe54:	0f b6       	in	r0, 0x3f	; 63
    fe56:	f8 94       	cli
    fe58:	fa 9a       	sbi	0x1f, 2	; 31
    fe5a:	f9 9a       	sbi	0x1f, 1	; 31
    fe5c:	0f be       	out	0x3f, r0	; 63
    fe5e:	01 96       	adiw	r24, 0x01	; 1
    fe60:	08 95       	ret

0000fe62 <f_delimit>:
    fe62:	ff                                                  .

0000fe63 <f_version>:
    fe63:	56 65 72 73 69 6f 6e 3d 38 2e 33 00                 Version=8.3.

0000fe6f <f_device>:
    fe6f:	44 65 76 69 63 65 3d 61 74 6d 65 67 61 36 34 34     Device=atmega644
    fe7f:	70 00                                               p.

0000fe81 <fF_CPU>:
    fe81:	46 5f 43 50 55 3d 31 36 30 30 30 30 30 30 4c 00     F_CPU=16000000L.

0000fe91 <fBIGBOOT>:
    fe91:	42 49 47 42 4f 4f 54 3d 31 00                       BIGBOOT=1.

0000fe9b <f_date>:
    fe9b:	42 75 69 6c 74 3a 4e 6f 76 20 20 34 20 32 30 32     Built:Nov  4 202
    feab:	31 3a 31 38 3a 30 33 3a 31 34 00                    1:18:03:14.

0000feb6 <fUART>:
    feb6:	55 41 52 54 3d 30 00                                UART=0.

0000febd <fBAUD_RATE>:
    febd:	42 41 55 44 5f 52 41 54 45 3d 31 31 35 32 30 30     BAUD_RATE=115200
	...

0000fece <f_LED>:
    fece:	4c 45 44 3d 42 30 00                                LED=B0.

0000fed5 <fLED_START_FLASHES>:
    fed5:	4c 45 44 5f 53 54 41 52 54 5f 46 4c 41 53 48 45     LED_START_FLASHE
    fee5:	53 3d 33 00                                         S=3.
