
optiboot_atmega644p.elf:     file format elf32-avr

Sections:
Idx Name          Size      VMA       LMA       File off  Algn
  0 .text         000001e6  0000fc00  0000fc00  00000054  2**1
                  CONTENTS, ALLOC, LOAD, READONLY, CODE
  1 .version      00000002  0000fffe  0000fffe  0000023a  2**0
                  CONTENTS, READONLY
  2 .debug_aranges 00000028  00000000  00000000  0000023c  2**0
                  CONTENTS, READONLY, DEBUGGING
  3 .debug_pubnames 0000005f  00000000  00000000  00000264  2**0
                  CONTENTS, READONLY, DEBUGGING
  4 .debug_info   00000294  00000000  00000000  000002c3  2**0
                  CONTENTS, READONLY, DEBUGGING
  5 .debug_abbrev 0000016b  00000000  00000000  00000557  2**0
                  CONTENTS, READONLY, DEBUGGING
  6 .debug_line   00000470  00000000  00000000  000006c2  2**0
                  CONTENTS, READONLY, DEBUGGING
  7 .debug_frame  00000080  00000000  00000000  00000b34  2**2
                  CONTENTS, READONLY, DEBUGGING
  8 .debug_str    00000131  00000000  00000000  00000bb4  2**0
                  CONTENTS, READONLY, DEBUGGING
  9 .debug_loc    00000266  00000000  00000000  00000ce5  2**0
                  CONTENTS, READONLY, DEBUGGING
 10 .debug_ranges 00000078  00000000  00000000  00000f4b  2**0
                  CONTENTS, READONLY, DEBUGGING

Disassembly of section .text:

0000fc00 <main>:
# define UART_SRL UBRR3L
# define UART_UDR UDR3
#endif

/* main program starts here */
int main(void) {
    fc00:	11 24       	eor	r1, r1
#ifdef __AVR_ATmega8__
  SP=RAMEND;  // This is done by hardware reset
#endif

  // Adaboot no-wait mod
  ch = MCUSR;
    fc02:	84 b7       	in	r24, 0x34	; 52
  MCUSR = 0;
    fc04:	14 be       	out	0x34, r1	; 52
  if (!(ch & _BV(EXTRF))) appStart(ch);
    fc06:	81 ff       	sbrs	r24, 1
    fc08:	e8 d0       	rcall	.+464    	; 0xfdda <appStart>

#if LED_START_FLASHES > 0
  // Set up Timer 1 for timeout counter
  TCCR1B = _BV(CS12) | _BV(CS10); // div 1024
    fc0a:	85 e0       	ldi	r24, 0x05	; 5
    fc0c:	80 93 81 00 	sts	0x0081, r24
  UCSRA = _BV(U2X); //Double speed mode USART
  UCSRB = _BV(RXEN) | _BV(TXEN);  // enable Rx & Tx
  UCSRC = _BV(URSEL) | _BV(UCSZ1) | _BV(UCSZ0);  // config USART; 8N1
  UBRRL = (uint8_t)( (F_CPU + BAUD_RATE * 4L) / (BAUD_RATE * 8L) - 1 );
#else
  UART_SRA = _BV(U2X0); //Double speed mode USART0
    fc10:	82 e0       	ldi	r24, 0x02	; 2
    fc12:	80 93 c0 00 	sts	0x00C0, r24
  UART_SRB = _BV(RXEN0) | _BV(TXEN0);
    fc16:	88 e1       	ldi	r24, 0x18	; 24
    fc18:	80 93 c1 00 	sts	0x00C1, r24
  UART_SRC = _BV(UCSZ00) | _BV(UCSZ01);
    fc1c:	86 e0       	ldi	r24, 0x06	; 6
    fc1e:	80 93 c2 00 	sts	0x00C2, r24
  UART_SRL = (uint8_t)( (F_CPU + BAUD_RATE * 4L) / (BAUD_RATE * 8L) - 1 );
    fc22:	80 e1       	ldi	r24, 0x10	; 16
    fc24:	80 93 c4 00 	sts	0x00C4, r24
#endif
#endif

  // Set up watchdog to trigger after 500ms
  watchdogConfig(WATCHDOG_1S);
    fc28:	8e e0       	ldi	r24, 0x0E	; 14
    fc2a:	c1 d0       	rcall	.+386    	; 0xfdae <watchdogConfig>

  /* Set LED pin as output */
  LED_DDR |= _BV(LED);
    fc2c:	20 9a       	sbi	0x04, 0	; 4
    fc2e:	86 e0       	ldi	r24, 0x06	; 6
}

#if LED_START_FLASHES > 0
void flash_led(uint8_t count) {
  do {
    TCNT1 = -(F_CPU/(1024*16));
    fc30:	20 e3       	ldi	r18, 0x30	; 48
    fc32:	3c ef       	ldi	r19, 0xFC	; 252
    TIFR1 = _BV(TOV1);
    fc34:	91 e0       	ldi	r25, 0x01	; 1
}

#if LED_START_FLASHES > 0
void flash_led(uint8_t count) {
  do {
    TCNT1 = -(F_CPU/(1024*16));
    fc36:	30 93 85 00 	sts	0x0085, r19
    fc3a:	20 93 84 00 	sts	0x0084, r18
    TIFR1 = _BV(TOV1);
    fc3e:	96 bb       	out	0x16, r25	; 22
    while(!(TIFR1 & _BV(TOV1)));
    fc40:	b0 9b       	sbis	0x16, 0	; 22
    fc42:	fe cf       	rjmp	.-4      	; 0xfc40 <main+0x40>
#ifdef __AVR_ATmega8__
    LED_PORT ^= _BV(LED);
#else
    LED_PIN |= _BV(LED);
    fc44:	18 9a       	sbi	0x03, 0	; 3
}
#endif

// Watchdog functions. These are only safe with interrupts turned off.
void watchdogReset() {
  __asm__ __volatile__ (
    fc46:	a8 95       	wdr
    LED_PORT ^= _BV(LED);
#else
    LED_PIN |= _BV(LED);
#endif
    watchdogReset();
  } while (--count);
    fc48:	81 50       	subi	r24, 0x01	; 1
    fc4a:	a9 f7       	brne	.-22     	; 0xfc36 <main+0x36>
    fc4c:	ee 24       	eor	r14, r14
    fc4e:	ff 24       	eor	r15, r15
      ch = SPM_PAGESIZE / 2;
      do {
        uint16_t a;
        a = *bufPtr++;
        a |= (*bufPtr++) << 8;
        __boot_page_fill_short((uint16_t)(void*)addrPtr,a);
    fc50:	aa 24       	eor	r10, r10
    fc52:	a3 94       	inc	r10
        addrPtr += 2;
      } while (--ch);

      // Write from programming buffer
      __boot_page_write_short((uint16_t)(void*)address);
    fc54:	b5 e0       	ldi	r27, 0x05	; 5
    fc56:	cb 2e       	mov	r12, r27
      boot_spm_busy_wait();

#if defined(RWWSRE)
      // Reenable read access to flash
      boot_rww_enable();
    fc58:	a1 e1       	ldi	r26, 0x11	; 17
    fc5a:	ba 2e       	mov	r11, r26
      do *bufPtr++ = getch();
      while (--length);

      // If we are in NRWW section, page erase has to be delayed until now.
      // Todo: Take RAMPZ into account
      if (address >= NRWWSTART) __boot_page_erase_short((uint16_t)(void*)address);
    fc5c:	f3 e0       	ldi	r31, 0x03	; 3
    fc5e:	df 2e       	mov	r13, r31
#endif

  /* Forever loop */
  for (;;) {
    /* get character from UART */
    ch = getch();
    fc60:	9a d0       	rcall	.+308    	; 0xfd96 <getch>

    if(ch == STK_GET_PARAMETER) {
    fc62:	81 34       	cpi	r24, 0x41	; 65
    fc64:	71 f4       	brne	.+28     	; 0xfc82 <main+0x82>
      unsigned char which = getch();
    fc66:	97 d0       	rcall	.+302    	; 0xfd96 <getch>
    fc68:	08 2f       	mov	r16, r24
      verifySpace();
    fc6a:	a7 d0       	rcall	.+334    	; 0xfdba <verifySpace>
      if (which == 0x82) {
    fc6c:	02 38       	cpi	r16, 0x82	; 130
    fc6e:	11 f4       	brne	.+4      	; 0xfc74 <main+0x74>
	/*
	 * Send optiboot version as "minor SW version"
	 */
	putch(OPTIBOOT_MINVER);
    fc70:	86 e0       	ldi	r24, 0x06	; 6
    fc72:	05 c0       	rjmp	.+10     	; 0xfc7e <main+0x7e>
      } else if (which == 0x81) {
    fc74:	01 38       	cpi	r16, 0x81	; 129
    fc76:	11 f4       	brne	.+4      	; 0xfc7c <main+0x7c>
	  putch(OPTIBOOT_MAJVER);
    fc78:	84 e0       	ldi	r24, 0x04	; 4
    fc7a:	01 c0       	rjmp	.+2      	; 0xfc7e <main+0x7e>
      } else {
	/*
	 * GET PARAMETER returns a generic 0x03 reply for
         * other parameters - enough to keep Avrdude happy
	 */
	putch(0x03);
    fc7c:	83 e0       	ldi	r24, 0x03	; 3
    fc7e:	83 d0       	rcall	.+262    	; 0xfd86 <putch>
    fc80:	7f c0       	rjmp	.+254    	; 0xfd80 <main+0x180>
      }
    }
    else if(ch == STK_SET_DEVICE) {
    fc82:	82 34       	cpi	r24, 0x42	; 66
    fc84:	11 f4       	brne	.+4      	; 0xfc8a <main+0x8a>
      // SET DEVICE is ignored
      getNch(20);
    fc86:	84 e1       	ldi	r24, 0x14	; 20
    fc88:	03 c0       	rjmp	.+6      	; 0xfc90 <main+0x90>
    }
    else if(ch == STK_SET_DEVICE_EXT) {
    fc8a:	85 34       	cpi	r24, 0x45	; 69
    fc8c:	19 f4       	brne	.+6      	; 0xfc94 <main+0x94>
      // SET DEVICE EXT is ignored
      getNch(5);
    fc8e:	85 e0       	ldi	r24, 0x05	; 5
    fc90:	9c d0       	rcall	.+312    	; 0xfdca <getNch>
    fc92:	76 c0       	rjmp	.+236    	; 0xfd80 <main+0x180>
    }
    else if(ch == STK_LOAD_ADDRESS) {
    fc94:	85 35       	cpi	r24, 0x55	; 85
    fc96:	79 f4       	brne	.+30     	; 0xfcb6 <main+0xb6>
      // LOAD ADDRESS
      uint16_t newAddress;
      newAddress = getch();
    fc98:	7e d0       	rcall	.+252    	; 0xfd96 <getch>
      newAddress = (newAddress & 0xff) | (getch() << 8);
    fc9a:	e8 2e       	mov	r14, r24
    fc9c:	ff 24       	eor	r15, r15
    fc9e:	7b d0       	rcall	.+246    	; 0xfd96 <getch>
    fca0:	08 2f       	mov	r16, r24
    fca2:	10 e0       	ldi	r17, 0x00	; 0
    fca4:	10 2f       	mov	r17, r16
    fca6:	00 27       	eor	r16, r16
    fca8:	0e 29       	or	r16, r14
    fcaa:	1f 29       	or	r17, r15
#ifdef RAMPZ
      // Transfer top bit to RAMPZ
      RAMPZ = (newAddress & 0x8000) ? 1 : 0;
#endif
      newAddress += newAddress; // Convert from word address to byte address
    fcac:	00 0f       	add	r16, r16
    fcae:	11 1f       	adc	r17, r17
      address = newAddress;
      verifySpace();
    fcb0:	84 d0       	rcall	.+264    	; 0xfdba <verifySpace>
    fcb2:	78 01       	movw	r14, r16
    fcb4:	65 c0       	rjmp	.+202    	; 0xfd80 <main+0x180>
    }
    else if(ch == STK_UNIVERSAL) {
    fcb6:	86 35       	cpi	r24, 0x56	; 86
    fcb8:	21 f4       	brne	.+8      	; 0xfcc2 <main+0xc2>
      // UNIVERSAL command is ignored
      getNch(4);
    fcba:	84 e0       	ldi	r24, 0x04	; 4
    fcbc:	86 d0       	rcall	.+268    	; 0xfdca <getNch>
      putch(0x00);
    fcbe:	80 e0       	ldi	r24, 0x00	; 0
    fcc0:	de cf       	rjmp	.-68     	; 0xfc7e <main+0x7e>
    }
    /* Write memory, length is big endian and is in bytes */
    else if(ch == STK_PROG_PAGE) {
    fcc2:	84 36       	cpi	r24, 0x64	; 100
    fcc4:	09 f0       	breq	.+2      	; 0xfcc8 <main+0xc8>
    fcc6:	40 c0       	rjmp	.+128    	; 0xfd48 <main+0x148>
      // PROGRAM PAGE - we support flash programming only, not EEPROM
      uint8_t *bufPtr;
      uint16_t addrPtr;

      getch();			/* getlen() */
    fcc8:	66 d0       	rcall	.+204    	; 0xfd96 <getch>
      length = getch();
    fcca:	65 d0       	rcall	.+202    	; 0xfd96 <getch>
    fccc:	08 2f       	mov	r16, r24
      getch();
    fcce:	63 d0       	rcall	.+198    	; 0xfd96 <getch>

      // If we are in RWW section, immediately start page erase
      if (address < NRWWSTART) __boot_page_erase_short((uint16_t)(void*)address);
    fcd0:	80 e0       	ldi	r24, 0x00	; 0
    fcd2:	e8 16       	cp	r14, r24
    fcd4:	80 ee       	ldi	r24, 0xE0	; 224
    fcd6:	f8 06       	cpc	r15, r24
    fcd8:	18 f4       	brcc	.+6      	; 0xfce0 <main+0xe0>
    fcda:	f7 01       	movw	r30, r14
    fcdc:	d7 be       	out	0x37, r13	; 55
    fcde:	e8 95       	spm
    fce0:	c0 e0       	ldi	r28, 0x00	; 0
    fce2:	d1 e0       	ldi	r29, 0x01	; 1

      // While that is going on, read in page contents
      bufPtr = buff;
      do *bufPtr++ = getch();
    fce4:	58 d0       	rcall	.+176    	; 0xfd96 <getch>
    fce6:	89 93       	st	Y+, r24
      while (--length);
    fce8:	0c 17       	cp	r16, r28
    fcea:	e1 f7       	brne	.-8      	; 0xfce4 <main+0xe4>

      // If we are in NRWW section, page erase has to be delayed until now.
      // Todo: Take RAMPZ into account
      if (address >= NRWWSTART) __boot_page_erase_short((uint16_t)(void*)address);
    fcec:	f0 e0       	ldi	r31, 0x00	; 0
    fcee:	ef 16       	cp	r14, r31
    fcf0:	f0 ee       	ldi	r31, 0xE0	; 224
    fcf2:	ff 06       	cpc	r15, r31
    fcf4:	18 f0       	brcs	.+6      	; 0xfcfc <main+0xfc>
    fcf6:	f7 01       	movw	r30, r14
    fcf8:	d7 be       	out	0x37, r13	; 55
    fcfa:	e8 95       	spm

      // Read command terminator, start reply
      verifySpace();
    fcfc:	5e d0       	rcall	.+188    	; 0xfdba <verifySpace>

      // If only a partial page is to be programmed, the erase might not be complete.
      // So check that here
      boot_spm_busy_wait();
    fcfe:	07 b6       	in	r0, 0x37	; 55
    fd00:	00 fc       	sbrc	r0, 0
    fd02:	fd cf       	rjmp	.-6      	; 0xfcfe <main+0xfe>
    fd04:	a7 01       	movw	r20, r14
    fd06:	a0 e0       	ldi	r26, 0x00	; 0
    fd08:	b1 e0       	ldi	r27, 0x01	; 1
      bufPtr = buff;
      addrPtr = (uint16_t)(void*)address;
      ch = SPM_PAGESIZE / 2;
      do {
        uint16_t a;
        a = *bufPtr++;
    fd0a:	2c 91       	ld	r18, X
    fd0c:	30 e0       	ldi	r19, 0x00	; 0
        a |= (*bufPtr++) << 8;
    fd0e:	11 96       	adiw	r26, 0x01	; 1
    fd10:	8c 91       	ld	r24, X
    fd12:	11 97       	sbiw	r26, 0x01	; 1
    fd14:	90 e0       	ldi	r25, 0x00	; 0
    fd16:	98 2f       	mov	r25, r24
    fd18:	88 27       	eor	r24, r24
    fd1a:	82 2b       	or	r24, r18
    fd1c:	93 2b       	or	r25, r19
# define UART_SRL UBRR3L
# define UART_UDR UDR3
#endif

/* main program starts here */
int main(void) {
    fd1e:	12 96       	adiw	r26, 0x02	; 2
      ch = SPM_PAGESIZE / 2;
      do {
        uint16_t a;
        a = *bufPtr++;
        a |= (*bufPtr++) << 8;
        __boot_page_fill_short((uint16_t)(void*)addrPtr,a);
    fd20:	fa 01       	movw	r30, r20
    fd22:	0c 01       	movw	r0, r24
    fd24:	a7 be       	out	0x37, r10	; 55
    fd26:	e8 95       	spm
    fd28:	11 24       	eor	r1, r1
        addrPtr += 2;
    fd2a:	4e 5f       	subi	r20, 0xFE	; 254
    fd2c:	5f 4f       	sbci	r21, 0xFF	; 255
      } while (--ch);
    fd2e:	f2 e0       	ldi	r31, 0x02	; 2
    fd30:	a0 30       	cpi	r26, 0x00	; 0
    fd32:	bf 07       	cpc	r27, r31
    fd34:	51 f7       	brne	.-44     	; 0xfd0a <main+0x10a>

      // Write from programming buffer
      __boot_page_write_short((uint16_t)(void*)address);
    fd36:	f7 01       	movw	r30, r14
    fd38:	c7 be       	out	0x37, r12	; 55
    fd3a:	e8 95       	spm
      boot_spm_busy_wait();
    fd3c:	07 b6       	in	r0, 0x37	; 55
    fd3e:	00 fc       	sbrc	r0, 0
    fd40:	fd cf       	rjmp	.-6      	; 0xfd3c <main+0x13c>

#if defined(RWWSRE)
      // Reenable read access to flash
      boot_rww_enable();
    fd42:	b7 be       	out	0x37, r11	; 55
    fd44:	e8 95       	spm
    fd46:	1c c0       	rjmp	.+56     	; 0xfd80 <main+0x180>
#endif

    }
    /* Read memory block mode, length is big endian.  */
    else if(ch == STK_READ_PAGE) {
    fd48:	84 37       	cpi	r24, 0x74	; 116
    fd4a:	61 f4       	brne	.+24     	; 0xfd64 <main+0x164>
      // READ PAGE - we only read flash
      getch();			/* getlen() */
    fd4c:	24 d0       	rcall	.+72     	; 0xfd96 <getch>
      length = getch();
    fd4e:	23 d0       	rcall	.+70     	; 0xfd96 <getch>
    fd50:	08 2f       	mov	r16, r24
      getch();
    fd52:	21 d0       	rcall	.+66     	; 0xfd96 <getch>

      verifySpace();
    fd54:	32 d0       	rcall	.+100    	; 0xfdba <verifySpace>
        __asm__ ("elpm %0,Z+\n" : "=r" (ch), "=z" (address): "1" (address));
#else
        // read a Flash byte and increment the address
        __asm__ ("lpm %0,Z+\n" : "=r" (ch), "=z" (address): "1" (address));
#endif
        putch(ch);
    fd56:	f7 01       	movw	r30, r14
    fd58:	85 91       	lpm	r24, Z+
    fd5a:	7f 01       	movw	r14, r30
    fd5c:	14 d0       	rcall	.+40     	; 0xfd86 <putch>
      } while (--length);
    fd5e:	01 50       	subi	r16, 0x01	; 1
    fd60:	d1 f7       	brne	.-12     	; 0xfd56 <main+0x156>
    fd62:	0e c0       	rjmp	.+28     	; 0xfd80 <main+0x180>
    }

    /* Get device signature bytes  */
    else if(ch == STK_READ_SIGN) {
    fd64:	85 37       	cpi	r24, 0x75	; 117
    fd66:	39 f4       	brne	.+14     	; 0xfd76 <main+0x176>
      // READ SIGN - return what Avrdude wants to hear
      verifySpace();
    fd68:	28 d0       	rcall	.+80     	; 0xfdba <verifySpace>
      putch(SIGNATURE_0);
    fd6a:	8e e1       	ldi	r24, 0x1E	; 30
    fd6c:	0c d0       	rcall	.+24     	; 0xfd86 <putch>
      putch(SIGNATURE_1);
    fd6e:	86 e9       	ldi	r24, 0x96	; 150
    fd70:	0a d0       	rcall	.+20     	; 0xfd86 <putch>
      putch(SIGNATURE_2);
    fd72:	8a e0       	ldi	r24, 0x0A	; 10
    fd74:	84 cf       	rjmp	.-248    	; 0xfc7e <main+0x7e>
    }
    else if (ch == STK_LEAVE_PROGMODE) { /* 'Q' */
    fd76:	81 35       	cpi	r24, 0x51	; 81
    fd78:	11 f4       	brne	.+4      	; 0xfd7e <main+0x17e>
      // Adaboot no-wait mod
      watchdogConfig(WATCHDOG_16MS);
    fd7a:	88 e0       	ldi	r24, 0x08	; 8
    fd7c:	18 d0       	rcall	.+48     	; 0xfdae <watchdogConfig>
      verifySpace();
    }
    else {
      // This covers the response to commands like STK_ENTER_PROGMODE
      verifySpace();
    fd7e:	1d d0       	rcall	.+58     	; 0xfdba <verifySpace>
    }
    putch(STK_OK);
    fd80:	80 e1       	ldi	r24, 0x10	; 16
    fd82:	01 d0       	rcall	.+2      	; 0xfd86 <putch>
    fd84:	6d cf       	rjmp	.-294    	; 0xfc60 <main+0x60>

0000fd86 <putch>:
  }
}

void putch(char ch) {
    fd86:	98 2f       	mov	r25, r24
#ifndef SOFT_UART
  while (!(UART_SRA & _BV(UDRE0)));
    fd88:	80 91 c0 00 	lds	r24, 0x00C0
    fd8c:	85 ff       	sbrs	r24, 5
    fd8e:	fc cf       	rjmp	.-8      	; 0xfd88 <putch+0x2>
  UART_UDR = ch;
    fd90:	90 93 c6 00 	sts	0x00C6, r25
      [uartBit] "I" (UART_TX_BIT)
    :
      "r25"
  );
#endif
}
    fd94:	08 95       	ret

0000fd96 <getch>:
      [uartBit] "I" (UART_RX_BIT)
    :
      "r25"
);
#else
  while(!(UART_SRA & _BV(RXC0)))
    fd96:	80 91 c0 00 	lds	r24, 0x00C0
    fd9a:	87 ff       	sbrs	r24, 7
    fd9c:	fc cf       	rjmp	.-8      	; 0xfd96 <getch>
    ;
  if (!(UART_SRA & _BV(FE0))) {
    fd9e:	80 91 c0 00 	lds	r24, 0x00C0
    fda2:	84 fd       	sbrc	r24, 4
    fda4:	01 c0       	rjmp	.+2      	; 0xfda8 <getch+0x12>
}
#endif

// Watchdog functions. These are only safe with interrupts turned off.
void watchdogReset() {
  __asm__ __volatile__ (
    fda6:	a8 95       	wdr
       * don't care that an invalid char is returned...)
       */
    watchdogReset();
  }
  
  ch = UART_UDR;
    fda8:	80 91 c6 00 	lds	r24, 0x00C6
  LED_PIN |= _BV(LED);
#endif
#endif

  return ch;
}
    fdac:	08 95       	ret

0000fdae <watchdogConfig>:
    "wdr\n"
  );
}

void watchdogConfig(uint8_t x) {
  WDTCSR = _BV(WDCE) | _BV(WDE);
    fdae:	e0 e6       	ldi	r30, 0x60	; 96
    fdb0:	f0 e0       	ldi	r31, 0x00	; 0
    fdb2:	98 e1       	ldi	r25, 0x18	; 24
    fdb4:	90 83       	st	Z, r25
  WDTCSR = x;
    fdb6:	80 83       	st	Z, r24
}
    fdb8:	08 95       	ret

0000fdba <verifySpace>:
  do getch(); while (--count);
  verifySpace();
}

void verifySpace() {
  if (getch() != CRC_EOP) {
    fdba:	ed df       	rcall	.-38     	; 0xfd96 <getch>
    fdbc:	80 32       	cpi	r24, 0x20	; 32
    fdbe:	19 f0       	breq	.+6      	; 0xfdc6 <verifySpace+0xc>
    watchdogConfig(WATCHDOG_16MS);    // shorten WD timeout
    fdc0:	88 e0       	ldi	r24, 0x08	; 8
    fdc2:	f5 df       	rcall	.-22     	; 0xfdae <watchdogConfig>
    fdc4:	ff cf       	rjmp	.-2      	; 0xfdc4 <verifySpace+0xa>
    while (1)			      // and busy-loop so that WD causes
      ;				      //  a reset and app start.
  }
  putch(STK_INSYNC);
    fdc6:	84 e1       	ldi	r24, 0x14	; 20
}
    fdc8:	de cf       	rjmp	.-68     	; 0xfd86 <putch>

0000fdca <getNch>:
    ::[count] "M" (UART_B_VALUE)
  );
}
#endif

void getNch(uint8_t count) {
    fdca:	1f 93       	push	r17
    fdcc:	18 2f       	mov	r17, r24
  do getch(); while (--count);
    fdce:	e3 df       	rcall	.-58     	; 0xfd96 <getch>
    fdd0:	11 50       	subi	r17, 0x01	; 1
    fdd2:	e9 f7       	brne	.-6      	; 0xfdce <getNch+0x4>
  verifySpace();
    fdd4:	f2 df       	rcall	.-28     	; 0xfdba <verifySpace>
}
    fdd6:	1f 91       	pop	r17
    fdd8:	08 95       	ret

0000fdda <appStart>:

void appStart(uint8_t rstFlags) {
  // save the reset flags in the designated register
  //  This can be saved in a main program by putting code in .init0 (which
  //  executes before normal c init code) to save R2 to a global variable.
  __asm__ __volatile__ ("mov r2, %0\n" :: "r" (rstFlags));
    fdda:	28 2e       	mov	r2, r24

  watchdogConfig(WATCHDOG_OFF);
    fddc:	80 e0       	ldi	r24, 0x00	; 0
    fdde:	e7 df       	rcall	.-50     	; 0xfdae <watchdogConfig>
  __asm__ __volatile__ (
    fde0:	ee 27       	eor	r30, r30
    fde2:	ff 27       	eor	r31, r31
    fde4:	09 94       	ijmp
